[backblue.gif]
[fade.gif]
[index.html]
[www.cs.duke.edu/csed/onlineprobs/index.html]
[www.cs.duke.edu/csed/onlineprobs/p1.html]
[www.cs.duke.edu/csed/onlineprobs/p2.html]
[www.cs.duke.edu/csed/onlineprobs/p3.html]
[www.cs.duke.edu/csed/onlineprobs/p4.html]
[www.cs.duke.edu/csed/onlineprobs/p5.html]
[www.cs.duke.edu/csed/onlineprobs/p6.html]
[www.cs.duke.edu/csed/onlineprobs/p7.html]
[www.cs.duke.edu/csed/onlineprobs/p8.html]
[www.cs.duke.edu/csed/onlineprobs/p9.html]
[www.cs.duke.edu/csed/onlineprobs/p10.html]
[www.cs.duke.edu/csed/onlineprobs/p11.html]
[www.cs.duke.edu/csed/onlineprobs/p12.html]
[www.cs.duke.edu/csed/onlineprobs/p13.html]
[www.cs.duke.edu/csed/onlineprobs/p14.html]
[www.cs.duke.edu/csed/onlineprobs/p15.html]
[www.cs.duke.edu/csed/onlineprobs/date1.html]
[www.cs.duke.edu/csed/onlineprobs/date2.html]
[www.cs.duke.edu/csed/onlineprobs/string1.html]
[www.cs.duke.edu/csed/onlineprobs/string2.html]
[www.cs.duke.edu/csed/onlineprobs/string3.html]
[www.cs.duke.edu/csed/onlineprobs/string4.html]
[www.cs.duke.edu/csed/onlineprobs/loop0.html]
[www.cs.duke.edu/csed/onlineprobs/loop1.html]
[www.cs.duke.edu/csed/onlineprobs/loop2.html]
[www.cs.duke.edu/csed/onlineprobs/vector1.html]
[www.cs.duke.edu/csed/onlineprobs/vector2.html]
[www.cs.duke.edu/csed/onlineprobs/vector3.html]
[www.cs.duke.edu/csed/onlineprobs/tripleloopvector.html]
[www.cs.duke.edu/csed/onlineprobs/matrix1.html]
[www.cs.duke.edu/csed/onlineprobs/matrix2.html]
[www.cs.duke.edu/csed/onlineprobs/matrix3.html]
[www.cs.duke.edu/csed/onlineprobs/mat1.html]
[www.cs.duke.edu/csed/onlineprobs/mat2.html]
[www.cs.duke.edu/csed/onlineprobs/mat3.html]
[www.cs.duke.edu/csed/onlineprobs/sort1.html]
[www.cs.duke.edu/csed/onlineprobs/graph1.html]
[www.cs.duke.edu/csed/onlineprobs/graph2.html]
[www.cs.duke.edu/csed/onlineprobs/bit1.html]
