[spoj.sphere.pl/problems/index.html]
[backblue.gif]
[fade.gif]
[index.html]
[spoj.sphere.pl/problems/classical/index.html]
[spoj.sphere.pl/problems/challenge.html]
[spoj.sphere.pl/problems/classical/sort=0,start=50.html]
[spoj.sphere.pl/problems/classical/sort=0,start=150.html]
[spoj.sphere.pl/problems/classical/sort=0,start=250.html]
[spoj.sphere.pl/problems/indexa1a1.html]
[spoj.sphere.pl/problems/indexfda1.html]
[spoj.sphere.pl/problems/index3604.html]
[spoj.sphere.pl/problems/index5945.html]
[spoj.sphere.pl/problems/index4a4d.html]
[spoj.sphere.pl/problems/TEST/index.html]
[spoj.sphere.pl/problems/PRIME1/index.html]
[spoj.sphere.pl/problems/SBSTR1/index.html]
[spoj.sphere.pl/problems/ONP/index.html]
[spoj.sphere.pl/problems/PALIN/index.html]
[spoj.sphere.pl/problems/ARITH/index.html]
[spoj.sphere.pl/problems/index.html]
[spoj.sphere.pl/problems/BULK/index.html]
[spoj.sphere.pl/themes/skin3.css]
[spoj.sphere.pl/problems/CMPLS/index.html]
[spoj.sphere.pl/problems/DIRVS/index.html]
[spoj.sphere.pl/problems/CMEXPR/index.html]
[spoj.sphere.pl/problems/MMIND/index.html]
[spoj.sphere.pl/problems/HOTLINE/index.html]
[spoj.sphere.pl/problems/FCTRL/index.html]
[spoj.sphere.pl/problems/IKEYB/index.html]
[spoj.sphere.pl/problems/SHPATH/index.html]
[spoj.sphere.pl/problems/TETRA/index.html]
[spoj.sphere.pl/problems/CRYPTO1/index.html]
[spoj.sphere.pl/problems/CRYPTO2/index.html]
[spoj.sphere.pl/problems/CRYPTO3/index.html]
[spoj.sphere.pl/problems/CRYPTO4/index.html]
[spoj.sphere.pl/problems/TRICENTR/index.html]
[spoj.sphere.pl/problems/PIR/index.html]
[spoj.sphere.pl/problems/FCTRL2/index.html]
[spoj.sphere.pl/problems/POUR1/index.html]
[spoj.sphere.pl/problems/SBANK/index.html]
[spoj.sphere.pl/problems/HMRO/index.html]
[spoj.sphere.pl/problems/BSHEEP/index.html]
[spoj.sphere.pl/problems/HASHIT/index.html]
[spoj.sphere.pl/problems/BLINNET/index.html]
[spoj.sphere.pl/problems/MUL/index.html]
[spoj.sphere.pl/problems/NHAY/index.html]
[spoj.sphere.pl/problems/TRIP/index.html]
[spoj.sphere.pl/problems/RUNAWAY/index.html]
[spoj.sphere.pl/problems/CODE1/index.html]
[spoj.sphere.pl/problems/PROPKEY/index.html]
[spoj.sphere.pl/problems/PIGBANK/index.html]
[spoj.sphere.pl/problems/STONE/index.html]
[spoj.sphere.pl/problems/LABYR1/index.html]
[spoj.sphere.pl/problems/WORDS1/index.html]
[spoj.sphere.pl/problems/BOOKS1/index.html]
[spoj.sphere.pl/problems/SCYPHER/index.html]
[spoj.sphere.pl/problems/classical/index.html]
[spoj.sphere.pl/problems/challenge.html]
[spoj.sphere.pl/problems/ADDREV/index.html]
[spoj.sphere.pl/problems/COMMEDIA/index.html]
[spoj.sphere.pl/problems/BEADS/index.html]
[spoj.sphere.pl/problems/TOUR/index.html]
[spoj.sphere.pl/problems/INCARDS/index.html]
[spoj.sphere.pl/problems/HAREFOX/index.html]
[spoj.sphere.pl/problems/JULKA/index.html]
[spoj.sphere.pl/indexb6a4.html]
[spoj.sphere.pl/index3840.html]
[spoj.sphere.pl/index80f0.html]
[spoj.sphere.pl/problems/classical/index4a4d.html]
[spoj.sphere.pl/problems/classical/indexa1a1.html]
[spoj.sphere.pl/problems/classical/indexfda1.html]
[spoj.sphere.pl/problems/classical/index5945.html]
[spoj.sphere.pl/problems/challenge/index.html]
[spoj.sphere.pl/problems/tutorial/index.html]
[spoj.sphere.pl/problems/classical/sort=0,start=504a4d.html]
[spoj.sphere.pl/problems/classical/sort=2.html]
[spoj.sphere.pl/problems/classical/sort=6.html]
[spoj.sphere.pl/problems/JASIEK/index.html]
[spoj.sphere.pl/problems/DYZIO/index.html]
[spoj.sphere.pl/problems/classical/sort=7.html]
[spoj.sphere.pl/problems/PICAD/index.html]
[spoj.sphere.pl/problems/BIA/index.html]
[spoj.sphere.pl/problems/DANCE/index.html]
[spoj.sphere.pl/problems/BRCKTS/index.html]
[spoj.sphere.pl/problems/IMP/index.html]
[spoj.sphere.pl/problems/SQRBR/index.html]
[spoj.sphere.pl/problems/PERMUT1/index.html]
[spoj.sphere.pl/problems/BALL1/index.html]
[spoj.sphere.pl/problems/CRSCNTRY/index.html]
[spoj.sphere.pl/problems/classical/sort=0,start=50.html]
[spoj.sphere.pl/problems/CUTOUT/index.html]
[spoj.sphere.pl/problems/EXPR1/index.html]
[spoj.sphere.pl/problems/RELATS1/index.html]
[spoj.sphere.pl/problems/BAC/index.html]
[spoj.sphere.pl/problems/DIVSUM/index.html]
[spoj.sphere.pl/problems/TREE1/index.html]
[spoj.sphere.pl/problems/EDIT1/index.html]
[spoj.sphere.pl/problems/EDIT2/index.html]
[spoj.sphere.pl/problems/BRICKS/index.html]
[spoj.sphere.pl/problems/EASYPIE/index.html]
[spoj.sphere.pl/problems/MARBLES/index.html]
[spoj.sphere.pl/problems/BUNDLE/index.html]
[spoj.sphere.pl/problems/SHORTCUT/index.html]
[spoj.sphere.pl/problems/RAIN1/index.html]
[spoj.sphere.pl/problems/DICE1/index.html]
[spoj.sphere.pl/problems/FOOTBALL/index.html]
[spoj.sphere.pl/problems/TREE2/index.html]
[spoj.sphere.pl/problems/HANGLET/index.html]
[spoj.sphere.pl/problems/MINIMAX/index.html]
[spoj.sphere.pl/problems/TWOSQRS/index.html]
[spoj.sphere.pl/problems/CUTSQRS/index.html]
[spoj.sphere.pl/problems/MAYA/index.html]
[spoj.sphere.pl/problems/STPAR/index.html]
[spoj.sphere.pl/problems/PARTY/index.html]
[spoj.sphere.pl/problems/DFLOOR/index.html]
[spoj.sphere.pl/problems/BUS/index.html]
[spoj.sphere.pl/problems/BABTWR/index.html]
[spoj.sphere.pl/problems/FISHER/index.html]
[spoj.sphere.pl/problems/LITEPIPE/index.html]
[spoj.sphere.pl/problems/HIGH/index.html]
[spoj.sphere.pl/problems/ALICEBOB/index.html]
[spoj.sphere.pl/problems/BINSTIRL/index.html]
[spoj.sphere.pl/problems/CISTFILL/index.html]
[spoj.sphere.pl/problems/MORSE/index.html]
[spoj.sphere.pl/problems/MAYACAL/index.html]
[spoj.sphere.pl/problems/EXCHNG/index.html]
[spoj.sphere.pl/problems/classical/sort=0,start=100.html]
[spoj.sphere.pl/problems/classical/sort=5.html]
[spoj.sphere.pl/problems/classical/sort=0,start=1503604.html]
[spoj.sphere.pl/problems/classical/sort=0,start=1505945.html]
[spoj.sphere.pl/problems/POTHOLE/index.html]
[spoj.sphere.pl/problems/SLEEP/index.html]
[spoj.sphere.pl/problems/ICERINK/index.html]
[spoj.sphere.pl/problems/BITMAP/index.html]
[spoj.sphere.pl/problems/THREECOL/index.html]
[spoj.sphere.pl/problems/STORE/index.html]
[spoj.sphere.pl/problems/MAP/index.html]
[spoj.sphere.pl/problems/ALTARS/index.html]
[spoj.sphere.pl/problems/PRIMIT/index.html]
[spoj.sphere.pl/problems/WATER/index.html]
[spoj.sphere.pl/problems/PANIC/index.html]
[spoj.sphere.pl/problems/PHRASES/index.html]
[spoj.sphere.pl/problems/VONNY/index.html]
[spoj.sphere.pl/problems/ORDERS/index.html]
[spoj.sphere.pl/problems/SHAMAN/index.html]
[spoj.sphere.pl/problems/JEWELS/index.html]
[spoj.sphere.pl/problems/SORTING/index.html]
[spoj.sphere.pl/problems/ZEBRA/index.html]
[spoj.sphere.pl/problems/HOLIDAY1/index.html]
[spoj.sphere.pl/problems/classical/sort=0,start=150.html]
[spoj.sphere.pl/problems/VFMUL/index.html]
[spoj.sphere.pl/problems/ROMAN/index.html]
[spoj.sphere.pl/problems/SUMITR/index.html]
[spoj.sphere.pl/problems/BTOUR/index.html]
[spoj.sphere.pl/problems/BLOCKS/index.html]
[spoj.sphere.pl/problems/HOLIDAY2/index.html]
[spoj.sphere.pl/problems/STABLEMP/index.html]
[spoj.sphere.pl/problems/INTSS/index.html]
[spoj.sphere.pl/problems/SQRROOT/index.html]
[spoj.sphere.pl/problems/CHOCOLA/index.html]
[spoj.sphere.pl/problems/CTAIN/index.html]
[spoj.sphere.pl/problems/TRIPART/index.html]
[spoj.sphere.pl/problems/CONNECT/index.html]
[spoj.sphere.pl/problems/PERIOD/index.html]
[spoj.sphere.pl/problems/CORNET/index.html]
[spoj.sphere.pl/problems/CAVE/index.html]
[spoj.sphere.pl/problems/WMELON/index.html]
[spoj.sphere.pl/problems/WATERWAY/index.html]
[spoj.sphere.pl/problems/CTGAME/index.html]
[spoj.sphere.pl/problems/BICYCLE/index.html]
[spoj.sphere.pl/problems/INUMBER/index.html]
[spoj.sphere.pl/problems/LIFTS/index.html]
[spoj.sphere.pl/problems/MUDDY/index.html]
[spoj.sphere.pl/problems/NAPTIME/index.html]
[spoj.sphere.pl/problems/SCITIES/index.html]
[spoj.sphere.pl/problems/NETADMIN/index.html]
[spoj.sphere.pl/problems/PON/index.html]
[spoj.sphere.pl/problems/POLYEQ/index.html]
[spoj.sphere.pl/problems/CUBERT/index.html]
[spoj.sphere.pl/problems/ALIBB/index.html]
[spoj.sphere.pl/problems/classical/sort=0,start=200.html]
[spoj.sphere.pl/problems/classical/sort=0,start=2503604.html]
[spoj.sphere.pl/problems/classical/sort=0,start=250.html]
[spoj.sphere.pl/problems/classical/sort=0,start=250a1a1.html]
[spoj.sphere.pl/problems/classical/sort=0,start=250fda1.html]
[spoj.sphere.pl/problems/FOOL/index.html]
[spoj.sphere.pl/problems/GAME/index.html]
[spoj.sphere.pl/problems/HELP/index.html]
[spoj.sphere.pl/problems/TOURS/index.html]
[spoj.sphere.pl/problems/MENU/index.html]
[spoj.sphere.pl/problems/HOSPITAL/index.html]
[spoj.sphere.pl/problems/BILLIARD/index.html]
[spoj.sphere.pl/problems/RAILROAD/index.html]
[spoj.sphere.pl/problems/SPIN/index.html]
[spoj.sphere.pl/problems/HEXAGON/index.html]
[spoj.sphere.pl/problems/ACODE/index.html]
[spoj.sphere.pl/problems/index4a4d.html]
[spoj.sphere.pl/problems/APRIME/index.html]
[spoj.sphere.pl/problems/HITOMISS/index.html]
[spoj.sphere.pl/problems/CONDUIT/index.html]
[spoj.sphere.pl/problems/TOANDFRO/index.html]
[spoj.sphere.pl/problems/TRANSL/index.html]
[spoj.sphere.pl/problems/HIKE/index.html]
[spoj.sphere.pl/problems/TRANK/index.html]
[spoj.sphere.pl/problems/FRACTION/index.html]
[spoj.sphere.pl/problems/SCANNER/index.html]
[spoj.sphere.pl/problems/TCUTTER/index.html]
[spoj.sphere.pl/problems/LOGIC/index.html]
[spoj.sphere.pl/problems/indexa1a1.html]
[spoj.sphere.pl/problems/RNUMBER/index.html]
[spoj.sphere.pl/problems/JRIDE/index.html]
[spoj.sphere.pl/problems/DELCOMM/index.html]
[spoj.sphere.pl/problems/WPUZZLES/index.html]
[spoj.sphere.pl/problems/COVER/index.html]
[spoj.sphere.pl/problems/NUMQDW/index.html]
[spoj.sphere.pl/problems/BONFIRE/index.html]
[spoj.sphere.pl/problems/DIV15/index.html]
[spoj.sphere.pl/problems/LAZYPROG/index.html]
[spoj.sphere.pl/problems/NECKLACE/index.html]
[spoj.sphere.pl/problems/TRANSP/index.html]
[spoj.sphere.pl/problems/indexfda1.html]
[spoj.sphere.pl/problems/AROAD/index.html]
[spoj.sphere.pl/problems/TRANSP2/index.html]
[spoj.sphere.pl/problems/ASSIGN/index.html]
[spoj.sphere.pl/problems/PARTPALI/index.html]
[spoj.sphere.pl/problems/INCR/index.html]
[spoj.sphere.pl/problems/HAJIME/index.html]
[spoj.sphere.pl/problems/QUEST4/index.html]
[spoj.sphere.pl/problems/QUEST5/index.html]
[spoj.sphere.pl/problems/SUBS/index.html]
[spoj.sphere.pl/problems/VOCV/index.html]
[spoj.sphere.pl/problems/LSORT/index.html]
[spoj.sphere.pl/problems/BROW/index.html]
[spoj.sphere.pl/problems/index3604.html]
[spoj.sphere.pl/problems/PAIRINT/index.html]
[spoj.sphere.pl/problems/ASSIGN4/index.html]
[spoj.sphere.pl/problems/SEQPAR/index.html]
[spoj.sphere.pl/problems/classical/sort=0,start=300.html]
[spoj.sphere.pl/problems/classical.html]
[spoj.sphere.pl/problems/sort=5.html]
[spoj.sphere.pl/problems/sort=2.html]
[spoj.sphere.pl/problems/sort=1.html]
[spoj.sphere.pl/problems/sort=6.html]
[spoj.sphere.pl/problems/index5945.html]
[spoj.sphere.pl/problems/TEST/index.html]
[spoj.sphere.pl/problems/PRIME1/index.html]
[spoj.sphere.pl/problems/SBSTR1/index.html]
[spoj.sphere.pl/problems/ONP/index.html]
[spoj.sphere.pl/problems/PALIN/index.html]
[spoj.sphere.pl/problems/ARITH/index.html]
[spoj.sphere.pl/problems/BULK/index.html]
[spoj.sphere.pl/problems/CMPLS/index.html]
[spoj.sphere.pl/problems/DIRVS/index.html]
[spoj.sphere.pl/problems/CMEXPR/index.html]
[spoj.sphere.pl/problems/FCTRL/index.html]
[spoj.sphere.pl/problems/MMIND/index.html]
[spoj.sphere.pl/problems/HOTLINE/index.html]
[spoj.sphere.pl/problems/IKEYB/index.html]
[spoj.sphere.pl/problems/SHPATH/index.html]
[spoj.sphere.pl/problems/TETRA/index.html]
[spoj.sphere.pl/problems/CRYPTO1/index.html]
[spoj.sphere.pl/problems/CRYPTO2/index.html]
[spoj.sphere.pl/problems/CRYPTO3/index.html]
[spoj.sphere.pl/problems/CRYPTO4/index.html]
[spoj.sphere.pl/problems/TRICENTR/index.html]
[spoj.sphere.pl/problems/PIR/index.html]
[spoj.sphere.pl/problems/FCTRL2/index.html]
[spoj.sphere.pl/problems/POUR1/index.html]
[spoj.sphere.pl/problems/BSHEEP/index.html]
[spoj.sphere.pl/problems/SBANK/index.html]
[spoj.sphere.pl/problems/HMRO/index.html]
[spoj.sphere.pl/problems/HASHIT/index.html]
[spoj.sphere.pl/problems/BLINNET/index.html]
[spoj.sphere.pl/problems/MUL/index.html]
[spoj.sphere.pl/problems/NHAY/index.html]
[spoj.sphere.pl/problems/TRIP/index.html]
[spoj.sphere.pl/problems/RUNAWAY/index.html]
[spoj.sphere.pl/problems/CODE1/index.html]
[spoj.sphere.pl/problems/PROPKEY/index.html]
[spoj.sphere.pl/problems/LABYR1/index.html]
[spoj.sphere.pl/problems/PIGBANK/index.html]
[spoj.sphere.pl/problems/STONE/index.html]
[spoj.sphere.pl/problems/WORDS1/index.html]
[spoj.sphere.pl/problems/sort=7.html]
[spoj.sphere.pl/problems/ADDREV/index.html]
[spoj.sphere.pl/problems/BOOKS1/index.html]
[spoj.sphere.pl/problems/SCYPHER/index.html]
[spoj.sphere.pl/problems/COMMEDIA/index.html]
[spoj.sphere.pl/problems/BEADS/index.html]
[spoj.sphere.pl/problems/HAREFOX/index.html]
[spoj.sphere.pl/problems/INCARDS/index.html]
[spoj.sphere.pl/problems/TOUR/index.html]
[spoj.sphere.pl/problems/JULKA/index.html]
[spoj.sphere.pl/problems/SCRAPER/index.html]
[spoj.sphere.pl/gfx/favicon.png]
[spoj.sphere.pl/register/index.html]
[spoj.sphere.pl/submit/index.html]
[spoj.sphere.pl/ranks/index.html]
[spoj.sphere.pl/info/index.html]
[spoj.sphere.pl/links.html]
[spoj.sphere.pl/gfx/logo-task.gif]
[spoj.sphere.pl/problems/KAMIL/index.html]
[spoj.sphere.pl/problems/TCONNUM/index.html]
[spoj.sphere.pl/problems/TDBFS/index.html]
[spoj.sphere.pl/problems/CUTSQRS.html]
[spoj.sphere.pl/problems/PHRASES.html]
[spoj.sphere.pl/problems/PSPHERE.html]
[spoj.sphere.pl/indexb6a4.html]
[spoj.sphere.pl/themes/skin1.css]
[spoj.sphere.pl/gfx/logo-pg.html]
[spoj.sphere.pl/gfx/logo-eti.html]
[spoj.sphere.pl/gfx/logo-sphere.html]
[spoj.sphere.pl/problems/PAWNS/index.html]
[spoj.sphere.pl/index3840.html]
[spoj.sphere.pl/themes/skin2.css]
[spoj.sphere.pl/problems/SOPARADE.html]
[spoj.sphere.pl/index80f0.html]
[spoj.sphere.pl/problems/classical/index4a4d.html]
[spoj.sphere.pl/problems/classical/indexa1a1.html]
[spoj.sphere.pl/problems/classical/indexfda1.html]
[spoj.sphere.pl/problems/classical/index5945.html]
[spoj.sphere.pl/problems/challenge/index.html]
[spoj.sphere.pl/problems/tutorial/index.html]
[spoj.sphere.pl/problems/classical/sort=0,start=504a4d.html]
[spoj.sphere.pl/problems/challenge/index4a4d.html]
[spoj.sphere.pl/problems/challenge/indexa1a1.html]
[spoj.sphere.pl/problems/challenge/indexfda1.html]
[spoj.sphere.pl/problems/challenge/index3604.html]
[spoj.sphere.pl/problems/challenge/index5945.html]
[spoj.sphere.pl/problems/BYTEFOOD/index.html]
[spoj.sphere.pl/problems/SOLSTRAS/index.html]
[spoj.sphere.pl/problems/JOHNNY/index.html]
[spoj.sphere.pl/problems/SOLVING/index.html]
[spoj.sphere.pl/problems/BURNCITY/index.html]
[spoj.sphere.pl/problems/PSPHERE/index.html]
[spoj.sphere.pl/problems/HANOI/index.html]
[spoj.sphere.pl/problems/BYTELE/index.html]
[spoj.sphere.pl/problems/SANTA/index.html]
[spoj.sphere.pl/problems/CTQUINE/index.html]
[spoj.sphere.pl/problems/PIVAL/index.html]
[spoj.sphere.pl/problems/DCODE/index.html]
[spoj.sphere.pl/problems/MFENCE/index.html]
[spoj.sphere.pl/problems/HWORK/index.html]
[spoj.sphere.pl/problems/TMBOX/index.html]
[spoj.sphere.pl/problems/ATSHELT/index.html]
[spoj.sphere.pl/problems/BRIGAMI/index.html]
[spoj.sphere.pl/problems/DERAIL/index.html]
[spoj.sphere.pl/problems/CROSSES/index.html]
[spoj.sphere.pl/problems/EVAL/index.html]
[spoj.sphere.pl/problems/BFORG/index.html]
[spoj.sphere.pl/problems/IMGREC1/index.html]
[spoj.sphere.pl/problems/JCROSS/index.html]
[spoj.sphere.pl/problems/DISPLACE/index.html]
[spoj.sphere.pl/problems/MAMMOTH/index.html]
[spoj.sphere.pl/problems/tutorial/index4a4d.html]
[spoj.sphere.pl/problems/SIZECON/index.html]
[spoj.sphere.pl/problems/tutorial/indexa1a1.html]
[spoj.sphere.pl/problems/MGAME/index.html]
[spoj.sphere.pl/problems/tutorial/indexfda1.html]
[spoj.sphere.pl/problems/tutorial/index3604.html]
[spoj.sphere.pl/problems/tutorial/index5945.html]
[spoj.sphere.pl/problems/TMUL/index.html]
[spoj.sphere.pl/problems/TSHPATH/index.html]
[spoj.sphere.pl/problems/TCNUMFL/index.html]
[spoj.sphere.pl/problems/TLCS/index.html]
[spoj.sphere.pl/problems/INTEST/index.html]
[spoj.sphere.pl/problems/SUMTRIAN/index.html]
[spoj.sphere.pl/problems/TPERML/index.html]
[spoj.sphere.pl/problems/KMSL4B/index.html]
[spoj.sphere.pl/problems/TCONVEX/index.html]
[spoj.sphere.pl/problems/TFOSS/index.html]
[spoj.sphere.pl/problems/ARMIES/index.html]
[spoj.sphere.pl/problems/MMATCH/index.html]
[spoj.sphere.pl/problems/PRINT/index.html]
[spoj.sphere.pl/problems/PL6COL/index.html]
[spoj.sphere.pl/problems/LEXISORT/index.html]
[spoj.sphere.pl/problems/CLTZ/index.html]
[spoj.sphere.pl/problems/DIV/index.html]
[spoj.sphere.pl/problems/J4FUN/index.html]
[spoj.sphere.pl/problems/DIV2/index.html]
[spoj.sphere.pl/problems/ZZPERM/index.html]
[spoj.sphere.pl/problems/TFIB/index.html]
[spoj.sphere.pl/problems/classical/sort=0,start=0.html]
[spoj.sphere.pl/problems/classical/sort=2,start=50.html]
[spoj.sphere.pl/problems/classical/sort=2,start=100.html]
[spoj.sphere.pl/problems/classical/sort=2,start=200.html]
[spoj.sphere.pl/problems/classical/sort=2,start=150.html]
[spoj.sphere.pl/problems/classical/sort=2,start=250.html]
[spoj.sphere.pl/problems/classical/sort=2,start=300.html]
[spoj.sphere.pl/problems/classical/sort=24bd3.html]
[spoj.sphere.pl/problems/classical/sort=2fda1.html]
[spoj.sphere.pl/problems/classical/sort=2.html]
[spoj.sphere.pl/problems/ACS/index.html]
[spoj.sphere.pl/problems/ABWORDS/index.html]
[spoj.sphere.pl/problems/AGGRCOW/index.html]
[spoj.sphere.pl/problems/CHICAGO/index.html]
[spoj.sphere.pl/problems/ALIENS/index.html]
[spoj.sphere.pl/problems/ACT/index.html]
[spoj.sphere.pl/problems/PERMUT2/index.html]
[spoj.sphere.pl/problems/AROUND/index.html]
[spoj.sphere.pl/problems/ASCIRC/index.html]
[spoj.sphere.pl/problems/ATMS/index.html]
[spoj.sphere.pl/problems/SCALES/index.html]
[spoj.sphere.pl/problems/BISHOPS/index.html]
[spoj.sphere.pl/problems/BOOK/index.html]
[spoj.sphere.pl/problems/BCEASY/index.html]
[spoj.sphere.pl/problems/BCHARD/index.html]
[spoj.sphere.pl/problems/BOXES/index.html]
[spoj.sphere.pl/problems/BINGO/index.html]
[spoj.sphere.pl/problems/COINS/index.html]
[spoj.sphere.pl/problems/CABLETV/index.html]
[spoj.sphere.pl/problems/CALLS/index.html]
[spoj.sphere.pl/problems/CHASE1/index.html]
[spoj.sphere.pl/problems/PALSEC/index.html]
[spoj.sphere.pl/problems/classical/sort=1.html]
[spoj.sphere.pl/problems/classical/sort=6,start=50.html]
[spoj.sphere.pl/problems/classical/sort=6,start=100.html]
[spoj.sphere.pl/problems/classical/sort=6,start=200.html]
[spoj.sphere.pl/problems/classical/sort=6,start=250.html]
[spoj.sphere.pl/problems/classical/sort=-6.html]
[spoj.sphere.pl/problems/classical/sort=6.html]
[spoj.sphere.pl/problems/OFBEAT/index.html]
[spoj.sphere.pl/problems/REPEATS/index.html]
[spoj.sphere.pl/problems/UCUBE/index.html]
[spoj.sphere.pl/problems/PITPAIR/index.html]
[spoj.sphere.pl/problems/QTREE/index.html]
[spoj.sphere.pl/problems/EOPERA/index.html]
[spoj.sphere.pl/problems/RATTERN/index.html]
[spoj.sphere.pl/problems/FAMILY/index.html]
[spoj.sphere.pl/problems/POLY1/index.html]
[spoj.sphere.pl/problems/WINDOW1/index.html]
[spoj.sphere.pl/problems/ROCKETS/index.html]
[spoj.sphere.pl/problems/HARDQ/index.html]
[spoj.sphere.pl/problems/LANDSCAP/index.html]
[spoj.sphere.pl/problems/PAINTTMP/index.html]
[spoj.sphere.pl/problems/classical/sort=7,start=50.html]
[spoj.sphere.pl/problems/classical/sort=7,start=150.html]
[spoj.sphere.pl/problems/classical/sort=7,start=200.html]
[spoj.sphere.pl/problems/classical/sort=7,start=300.html]
[spoj.sphere.pl/problems/classical/sort=7a1a1.html]
[spoj.sphere.pl/problems/classical/sort=73604.html]
[spoj.sphere.pl/problems/classical/sort=7.html]
[spoj.sphere.pl/problems/FSHEEP/index.html]
[spoj.sphere.pl/problems/MATH1/index.html]
[spoj.sphere.pl/problems/PLATON/index.html]
[spoj.sphere.pl/problems/classical/sort=-7.html]
[spoj.sphere.pl/problems/PHONY/index.html]
[spoj.sphere.pl/problems/JASIEK/index.html]
[spoj.sphere.pl/problems/DYZIO/index.html]
[spoj.sphere.pl/problems/PICAD/index.html]
[spoj.sphere.pl/problems/BIA/index.html]
[spoj.sphere.pl/problems/DANCE/index.html]
[spoj.sphere.pl/problems/BRCKTS/index.html]
[spoj.sphere.pl/problems/SUPPER/index.html]
[spoj.sphere.pl/problems/classical/sort=7,start=0.html]
[spoj.sphere.pl/problems/BIA/BIA.gif]
[spoj.sphere.pl/problems/DANCE/DANCE1.png]
[spoj.sphere.pl/problems/DANCE/DANCE2.png]
[spoj.sphere.pl/problems/IMP/index.html]
[spoj.sphere.pl/problems/SQRBR/index.html]
[spoj.sphere.pl/problems/PERMUT1/index.html]
[spoj.sphere.pl/problems/BALL1/index.html]
[spoj.sphere.pl/problems/CRSCNTRY/index.html]
[spoj.sphere.pl/problems/CUTOUT/index.html]
[spoj.sphere.pl/problems/EXPR1/index.html]
[spoj.sphere.pl/problems/RELATS1/index.html]
[spoj.sphere.pl/problems/TREE1/index.html]
[spoj.sphere.pl/problems/BAC/index.html]
[spoj.sphere.pl/problems/CUTOUT/CUTOUT.png]
[spoj.sphere.pl/problems/DIVSUM/index.html]
[spoj.sphere.pl/problems/MOULDS/index.html]
[spoj.sphere.pl/problems/TREE1/TREE1.png]
[spoj.sphere.pl/problems/BAC/BAC.gif]
[spoj.sphere.pl/problems/EDIT1/index.html]
[spoj.sphere.pl/problems/EDIT2/index.html]
[spoj.sphere.pl/problems/BRICKS/index.html]
[spoj.sphere.pl/problems/MARBLES/index.html]
[spoj.sphere.pl/problems/EASYPIE/index.html]
[spoj.sphere.pl/problems/BUNDLE/index.html]
[spoj.sphere.pl/problems/SHORTCUT/index.html]
[spoj.sphere.pl/problems/DICE1/index.html]
[spoj.sphere.pl/problems/RAIN1/index.html]
[spoj.sphere.pl/problems/FOOTBALL/index.html]
[spoj.sphere.pl/problems/TREE2/index.html]
[spoj.sphere.pl/problems/RELATS1/RELATS1.png]
[spoj.sphere.pl/problems/DICE1/DICE1.png]
[spoj.sphere.pl/problems/RAIN1/RAIN1.png]
[spoj.sphere.pl/problems/FOOTBALL/FOOTBALL.png]
[spoj.sphere.pl/problems/HANGLET/index.html]
[spoj.sphere.pl/problems/MINIMAX/index.html]
[spoj.sphere.pl/problems/TWOSQRS/index.html]
[spoj.sphere.pl/problems/CUTSQRS/index.html]
[spoj.sphere.pl/problems/MAYA/index.html]
[spoj.sphere.pl/problems/STPAR/index.html]
[spoj.sphere.pl/problems/TREE2/WDOT.png]
[spoj.sphere.pl/problems/TREE2/BDOT.png]
[spoj.sphere.pl/problems/TREE2/TREE2.png]
[spoj.sphere.pl/problems/MAYA/table.gif]
[spoj.sphere.pl/problems/MAYA/num1.gif]
[spoj.sphere.pl/problems/MAYA/num2.gif]
[spoj.sphere.pl/problems/STPAR/parade1.gif]
[spoj.sphere.pl/problems/PARTY/index.html]
[spoj.sphere.pl/problems/STPAR/parade2.gif]
[spoj.sphere.pl/problems/STPAR/parade3.gif]
[spoj.sphere.pl/problems/STPAR/parade4.gif]
[spoj.sphere.pl/problems/DFLOOR/index.html]
[spoj.sphere.pl/problems/STPAR/parade5.gif]
[spoj.sphere.pl/problems/BUS/index.html]
[spoj.sphere.pl/problems/BABTWR/index.html]
[spoj.sphere.pl/problems/SHOP/index.html]
[spoj.sphere.pl/problems/STPAR/parade6.gif]
[spoj.sphere.pl/problems/DFLOOR/example.gif]
[spoj.sphere.pl/problems/FISHER/index.html]
[spoj.sphere.pl/problems/LITEPIPE/index.html]
[spoj.sphere.pl/problems/BUS/bus.gif]
[spoj.sphere.pl/problems/HIGH/index.html]
[spoj.sphere.pl/problems/BABTWR/tower.png]
[spoj.sphere.pl/problems/ALICEBOB/index.html]
[spoj.sphere.pl/problems/BINSTIRL/index.html]
[spoj.sphere.pl/problems/MAYACAL/index.html]
[spoj.sphere.pl/problems/MORSE/index.html]
[spoj.sphere.pl/problems/EXCHNG/index.html]
[spoj.sphere.pl/problems/CISTFILL/index.html]
[spoj.sphere.pl/problems/FISHER/fisher.jpg]
[spoj.sphere.pl/problems/FISHER/graf.gif]
[spoj.sphere.pl/problems/LITEPIPE/pipe.gif]
[spoj.sphere.pl/problems/CISTFILL/FILLCIST.png]
[spoj.sphere.pl/problems/classical/sort=0,start=100.html]
[spoj.sphere.pl/problems/SEGVIS/index.html]
[spoj.sphere.pl/problems/INTERVAL/index.html]
[spoj.sphere.pl/problems/RHOMBS/index.html]
[spoj.sphere.pl/problems/SERVERS/index.html]
[spoj.sphere.pl/problems/SOLIT/index.html]
[spoj.sphere.pl/problems/STEVE/index.html]
[spoj.sphere.pl/problems/PAYING/index.html]
[spoj.sphere.pl/problems/TTABLE/index.html]
[spoj.sphere.pl/problems/RENT/index.html]
[spoj.sphere.pl/problems/SQDANCE/index.html]
[spoj.sphere.pl/problems/MAWORK/index.html]
[spoj.sphere.pl/problems/HELPR2D2/index.html]
[spoj.sphere.pl/problems/TRANS/index.html]
[spoj.sphere.pl/problems/PARTIT/index.html]
[spoj.sphere.pl/problems/POSTERS/index.html]
[spoj.sphere.pl/problems/MAZE/index.html]
[spoj.sphere.pl/problems/GLUE/index.html]
[spoj.sphere.pl/problems/MULTIPLY/index.html]
[spoj.sphere.pl/problems/TAUT/index.html]
[spoj.sphere.pl/problems/LONER/index.html]
[spoj.sphere.pl/problems/PLONK/index.html]
[spoj.sphere.pl/problems/COURIER/index.html]
[spoj.sphere.pl/problems/ROCK/index.html]
[spoj.sphere.pl/problems/SUM1SEQ/index.html]
[spoj.sphere.pl/problems/ROADNET/index.html]
[spoj.sphere.pl/problems/WORDEQ/index.html]
[spoj.sphere.pl/problems/CONTPACK/index.html]
[spoj.sphere.pl/problems/FLBRKLIN/index.html]
[spoj.sphere.pl/problems/RECTNG1/index.html]
[spoj.sphere.pl/problems/MUSKET/index.html]
[spoj.sphere.pl/problems/LITELANG/index.html]
[spoj.sphere.pl/problems/EMPTY/index.html]
[spoj.sphere.pl/problems/MONODIG/index.html]
[spoj.sphere.pl/problems/POLYGAME/index.html]
[spoj.sphere.pl/problems/classical/sort=5,start=50.html]
[spoj.sphere.pl/problems/classical/sort=5,start=100.html]
[spoj.sphere.pl/problems/classical/sort=5,start=150.html]
[spoj.sphere.pl/problems/classical/sort=5,start=200.html]
[spoj.sphere.pl/problems/classical/sort=5c827.html]
[spoj.sphere.pl/problems/classical/sort=5,start=300.html]
[spoj.sphere.pl/problems/classical/sort=5.html]
[spoj.sphere.pl/problems/classical/sort=0,start=1503604.html]
[spoj.sphere.pl/problems/classical/sort=0,start=1505945.html]
[spoj.sphere.pl/problems/POTHOLE/index.html]
[spoj.sphere.pl/problems/SLEEP/index.html]
[spoj.sphere.pl/problems/ICERINK/index.html]
[spoj.sphere.pl/problems/classical/sort=5,start=0.html]
[spoj.sphere.pl/problems/POTHOLE/grotol.gif]
[spoj.sphere.pl/problems/SLEEP/lunatyk1.gif]
[spoj.sphere.pl/problems/SLEEP/lunatyk2.gif]
[spoj.sphere.pl/problems/BITMAP/index.html]
[spoj.sphere.pl/problems/ICERINK/lodow1.gif]
[spoj.sphere.pl/problems/ICERINK/lodow2.gif]
[spoj.sphere.pl/problems/ICERINK/lodow3.gif]
[spoj.sphere.pl/problems/ICERINK/lodow4.gif]
[spoj.sphere.pl/problems/THREECOL/index.html]
[spoj.sphere.pl/problems/STORE/index.html]
[spoj.sphere.pl/problems/MAP/index.html]
[spoj.sphere.pl/problems/ALTARS/index.html]
[spoj.sphere.pl/problems/PRIMIT/index.html]
[spoj.sphere.pl/problems/WATER/index.html]
[spoj.sphere.pl/problems/PANIC/index.html]
[spoj.sphere.pl/problems/ICERINK/lodow5.gif]
[spoj.sphere.pl/problems/ICERINK/lodow6.gif]
[spoj.sphere.pl/problems/PHRASES/index.html]
[spoj.sphere.pl/problems/ALTARS/oltarze.gif]
[spoj.sphere.pl/problems/VONNY/index.html]
[spoj.sphere.pl/problems/WATER/woda1.gif]
[spoj.sphere.pl/problems/WATER/woda2.gif]
[spoj.sphere.pl/problems/JEWELS/index.html]
[spoj.sphere.pl/problems/ORDERS/index.html]
[spoj.sphere.pl/problems/SHAMAN/index.html]
[spoj.sphere.pl/problems/SORTING/index.html]
[spoj.sphere.pl/problems/ZEBRA/index.html]
[spoj.sphere.pl/problems/SOPARADE/index.html]
[spoj.sphere.pl/problems/PANIC/plazas.png]
[spoj.sphere.pl/problems/HOLIDAY1/index.html]
[spoj.sphere.pl/problems/VFMUL/index.html]
[spoj.sphere.pl/problems/ROMAN/index.html]
[spoj.sphere.pl/problems/SUMITR/index.html]
[spoj.sphere.pl/problems/HOLIDAY2/index.html]
[spoj.sphere.pl/problems/BTOUR/index.html]
[spoj.sphere.pl/problems/BLOCKS/index.html]
[spoj.sphere.pl/problems/STABLEMP/index.html]
[spoj.sphere.pl/problems/INTSS/index.html]
[spoj.sphere.pl/problems/SQRROOT/index.html]
[spoj.sphere.pl/problems/BLOCKS/blocks.png]
[spoj.sphere.pl/problems/JEWELS/jewels.png]
[spoj.sphere.pl/problems/CHOCOLA/index.html]
[spoj.sphere.pl/problems/ZEBRA/zebra.png]
[spoj.sphere.pl/problems/INTSS/image002.gif]
[spoj.sphere.pl/problems/CTAIN/index.html]
[spoj.sphere.pl/problems/INTSS/image006.gif]
[spoj.sphere.pl/problems/INTSS/image004.gif]
[spoj.sphere.pl/problems/TRIPART/index.html]
[spoj.sphere.pl/problems/INTSS/image008.gif]
[spoj.sphere.pl/problems/INTSS/image010.gif]
[spoj.sphere.pl/problems/CONNECT/index.html]
[spoj.sphere.pl/problems/INTSS/image012.gif]
[spoj.sphere.pl/problems/INTSS/image014.gif]
[spoj.sphere.pl/problems/CHOCOLA/chocolate.jpg]
[spoj.sphere.pl/problems/TRIPART/tripart.jpg]
[spoj.sphere.pl/problems/PERIOD/index.html]
[spoj.sphere.pl/problems/CORNET/index.html]
[spoj.sphere.pl/problems/CAVE/index.html]
[spoj.sphere.pl/problems/WMELON/index.html]
[spoj.sphere.pl/problems/WATERWAY/index.html]
[spoj.sphere.pl/problems/CTGAME/index.html]
[spoj.sphere.pl/problems/BICYCLE/index.html]
[spoj.sphere.pl/problems/INUMBER/index.html]
[spoj.sphere.pl/problems/WATERWAY/waterway.png]
[spoj.sphere.pl/problems/CAVE/cave.jpg]
[spoj.sphere.pl/problems/WMELON/watermelon.png]
[spoj.sphere.pl/problems/BICYCLE/bicycle.png]
[spoj.sphere.pl/problems/LIFTS/index.html]
[spoj.sphere.pl/problems/MUDDY/index.html]
[spoj.sphere.pl/problems/NAPTIME/index.html]
[spoj.sphere.pl/problems/SCITIES/index.html]
[spoj.sphere.pl/problems/NETADMIN/index.html]
[spoj.sphere.pl/problems/PON/index.html]
[spoj.sphere.pl/problems/POLYEQ/index.html]
[spoj.sphere.pl/problems/CUBERT/index.html]
[spoj.sphere.pl/problems/ALIBB/index.html]
[spoj.sphere.pl/problems/NETADMIN/netadmin.png]
[spoj.sphere.pl/problems/classical/sort=0,start=200.html]
[spoj.sphere.pl/problems/classical/sort=0,start=250a1a1.html]
[spoj.sphere.pl/problems/classical/sort=0,start=250fda1.html]
[spoj.sphere.pl/problems/classical/sort=0,start=2503604.html]
[spoj.sphere.pl/problems/FOOL/index.html]
[spoj.sphere.pl/problems/TWORK/index.html]
[spoj.sphere.pl/problems/CANTON/index.html]
[spoj.sphere.pl/problems/PHDISP/index.html]
[spoj.sphere.pl/problems/WINDMILL/index.html]
[spoj.sphere.pl/problems/GAME/index.html]
[spoj.sphere.pl/problems/HELP/index.html]
[spoj.sphere.pl/problems/ROADS/index.html]
[spoj.sphere.pl/problems/POKER/index.html]
[spoj.sphere.pl/problems/TOURS/index.html]
[spoj.sphere.pl/problems/MIXTURES/index.html]
[spoj.sphere.pl/problems/MENU/index.html]
[spoj.sphere.pl/problems/SEQ/index.html]
[spoj.sphere.pl/problems/HOSPITAL/index.html]
[spoj.sphere.pl/problems/BILLIARD/index.html]
[spoj.sphere.pl/problems/LAZYCOWS/index.html]
[spoj.sphere.pl/problems/EXPEDI/index.html]
[spoj.sphere.pl/problems/HAN01/index.html]
[spoj.sphere.pl/problems/RAILROAD/index.html]
[spoj.sphere.pl/problems/IGARB/index.html]
[spoj.sphere.pl/problems/SPIN/index.html]
[spoj.sphere.pl/problems/LISA/index.html]
[spoj.sphere.pl/problems/HEXAGON/index.html]
[spoj.sphere.pl/problems/PHIDIAS/index.html]
[spoj.sphere.pl/problems/ACODE/index.html]
[spoj.sphere.pl/problems/FARMER/index.html]
[spoj.sphere.pl/problems/ONEZERO/index.html]
[spoj.sphere.pl/problems/APRIME/index.html]
[spoj.sphere.pl/problems/HITOMISS/index.html]
[spoj.sphere.pl/problems/CSTREET/index.html]
[spoj.sphere.pl/problems/EMPODIA/index.html]
[spoj.sphere.pl/problems/CONDUIT/index.html]
[spoj.sphere.pl/problems/BENEFACT/index.html]
[spoj.sphere.pl/problems/GREED/index.html]
[spoj.sphere.pl/problems/TAXI/index.html]
[spoj.sphere.pl/problems/MATRIX/index.html]
[spoj.sphere.pl/problems/TRANK/index.html]
[spoj.sphere.pl/problems/TOANDFRO/index.html]
[spoj.sphere.pl/problems/DECORATE/index.html]
[spoj.sphere.pl/problems/TRANSL/index.html]
[spoj.sphere.pl/problems/SPIN/279img1.gif]
[spoj.sphere.pl/problems/SPIN/279img2.gif]
[spoj.sphere.pl/problems/SPIN/279img3.gif]
[spoj.sphere.pl/problems/HEXAGON/317img3.gif]
[spoj.sphere.pl/problems/HIKE/index.html]
[spoj.sphere.pl/problems/FRACTION/index.html]
[spoj.sphere.pl/problems/SCANNER/index.html]
[spoj.sphere.pl/problems/TCUTTER/index.html]
[spoj.sphere.pl/problems/LOGIC/index.html]
[spoj.sphere.pl/problems/RPGAMES/index.html]
[spoj.sphere.pl/problems/EUROPEAN/index.html]
[spoj.sphere.pl/problems/RNUMBER/index.html]
[spoj.sphere.pl/problems/SCANNER/229img1.gif]
[spoj.sphere.pl/problems/TCUTTER/308img5.gif]
[spoj.sphere.pl/problems/TCUTTER/308img1.gif]
[spoj.sphere.pl/problems/TCUTTER/308img2.gif]
[spoj.sphere.pl/problems/JRIDE/index.html]
[spoj.sphere.pl/problems/TCUTTER/308img3.gif]
[spoj.sphere.pl/problems/TCUTTER/308img4.gif]
[spoj.sphere.pl/problems/DELCOMM/index.html]
[spoj.sphere.pl/problems/RNUMBER/504img1.gif]
[spoj.sphere.pl/problems/RNUMBER/504img2.gif]
[spoj.sphere.pl/problems/NUMQDW/index.html]
[spoj.sphere.pl/problems/RNUMBER/504img3.gif]
[spoj.sphere.pl/problems/RNUMBER/504img4.gif]
[spoj.sphere.pl/problems/COVER/index.html]
[spoj.sphere.pl/problems/RNUMBER/504img5.gif]
[spoj.sphere.pl/problems/RNUMBER/504img6.gif]
[spoj.sphere.pl/problems/WPUZZLES/index.html]
[spoj.sphere.pl/problems/RNUMBER/504img7.gif]
[spoj.sphere.pl/problems/RNUMBER/504img8.gif]
[spoj.sphere.pl/problems/RNUMBER/504img9.gif]
[spoj.sphere.pl/problems/RNUMBER/504img10.gif]
[spoj.sphere.pl/problems/BONFIRE/index.html]
[spoj.sphere.pl/problems/RNUMBER/504img11.gif]
[spoj.sphere.pl/problems/RNUMBER/504img12.gif]
[spoj.sphere.pl/problems/DIV15/index.html]
[spoj.sphere.pl/problems/RNUMBER/504img13.gif]
[spoj.sphere.pl/problems/RNUMBER/504img14.gif]
[spoj.sphere.pl/problems/LAZYPROG/index.html]
[spoj.sphere.pl/problems/NECKLACE/index.html]
[spoj.sphere.pl/problems/TRANSP/index.html]
[spoj.sphere.pl/problems/AROAD/index.html]
[spoj.sphere.pl/problems/TRANSP2/index.html]
[spoj.sphere.pl/problems/ASSIGN/index.html]
[spoj.sphere.pl/problems/HAJIME/index.html]
[spoj.sphere.pl/problems/PARTPALI/index.html]
[spoj.sphere.pl/problems/INCR/index.html]
[spoj.sphere.pl/problems/QUEST4/index.html]
[spoj.sphere.pl/problems/QUEST5/index.html]
[spoj.sphere.pl/problems/VHUFFM/index.html]
[spoj.sphere.pl/problems/SUBS/index.html]
[spoj.sphere.pl/content/adrian_quest4_2.jpg]
[spoj.sphere.pl/content/adrian_quest4_1.jpg]
[spoj.sphere.pl/problems/RNUMBER/504img15.gif]
[spoj.sphere.pl/problems/VOCV/index.html]
[spoj.sphere.pl/problems/COVER/cover.gif]
[spoj.sphere.pl/problems/LSORT/index.html]
[spoj.sphere.pl/problems/BROW/index.html]
[spoj.sphere.pl/problems/PAIRINT/index.html]
[spoj.sphere.pl/problems/ASSIGN4/index.html]
[spoj.sphere.pl/problems/SEQPAR/index.html]
[spoj.sphere.pl/problems/classical.html]
[spoj.sphere.pl/content/adrian_quest5.jpg]
[spoj.sphere.pl/problems/classical/sort=0,start=300.html]
[spoj.sphere.pl/problems/sort=-5.html]
[spoj.sphere.pl/problems/sort=5fda1.html]
[spoj.sphere.pl/problems/sort=5.html]
[spoj.sphere.pl/problems/sort=55945.html]
[spoj.sphere.pl/problems/sort=24bd3.html]
[spoj.sphere.pl/problems/sort=23604.html]
[spoj.sphere.pl/problems/sort=2.html]
[spoj.sphere.pl/problems/classical/sort=1,start=50.html]
[spoj.sphere.pl/problems/classical/sort=1,start=100.html]
[spoj.sphere.pl/problems/classical/sort=1,start=200.html]
[spoj.sphere.pl/problems/classical/sort=1,start=300.html]
[spoj.sphere.pl/problems/sort=1a1a1.html]
[spoj.sphere.pl/problems/sort=-1.html]
[spoj.sphere.pl/problems/sort=1.html]
[spoj.sphere.pl/problems/sort=15945.html]
[spoj.sphere.pl/problems/sort=6a1a1.html]
[spoj.sphere.pl/problems/sort=6ce2a.html]
[spoj.sphere.pl/problems/sort=6.html]
[spoj.sphere.pl/problems/sort=74a4d.html]
[spoj.sphere.pl/problems/sort=7fda1.html]
[spoj.sphere.pl/problems/sort=7.html]
[spoj.sphere.pl/problems/SCRAPER/index.html]
[spoj.sphere.pl/register/index.html]
[spoj.sphere.pl/submit/index.html]
[spoj.sphere.pl/problems/sort=7162a.html]
[spoj.sphere.pl/info/index.html]
[spoj.sphere.pl/status/index.html]
[spoj.sphere.pl/ranks/index.html]
[spoj.sphere.pl/problems/EQBOX/index.html]
[spoj.sphere.pl/contests/index.html]
[spoj.sphere.pl/problems/TRICENTR/tricentr1.gif]
[spoj.sphere.pl/links.html]
[spoj.sphere.pl/problems/KAMIL/index.html]
[spoj.sphere.pl/ranks/users/index.html]
[spoj.sphere.pl/help/index.html]
[spoj.sphere.pl/links/index.html]
[spoj.sphere.pl/problems/TCONNUM/index.html]
[spoj.sphere.pl/problems/TDBFS/index.html]
[spoj.sphere.pl/problems/CUTSQRS.html]
[spoj.sphere.pl/problems/PHRASES.html]
[spoj.sphere.pl/problems/PSPHERE.html]
[spoj.sphere.pl/problems/PAWNS/index.html]
[spoj.sphere.pl/problems/SOPARADE.html]
[spoj.sphere.pl/search/problems=on,users=on,contests=on.html]
[spoj.sphere.pl/problems/IMP.html]
[spoj.sphere.pl/problems/classical/index3604.html]
[spoj.sphere.pl/problems/challenge/index4a4d.html]
[spoj.sphere.pl/problems/challenge/indexa1a1.html]
[spoj.sphere.pl/problems/challenge/sort=2.html]
[spoj.sphere.pl/problems/challenge/indexfda1.html]
[spoj.sphere.pl/problems/challenge/index3604.html]
[spoj.sphere.pl/problems/challenge/sort=6.html]
[spoj.sphere.pl/problems/challenge/index5945.html]
[spoj.sphere.pl/problems/BYTEFOOD/index.html]
[spoj.sphere.pl/problems/SOLSTRAS/index.html]
[spoj.sphere.pl/problems/JOHNNY/index.html]
[spoj.sphere.pl/problems/SOLVING/index.html]
[spoj.sphere.pl/problems/SOLSTRAS/elem.png]
[spoj.sphere.pl/problems/SOLSTRAS/brace.png]
[spoj.sphere.pl/problems/SOLSTRAS/pi.png]
[spoj.sphere.pl/problems/SOLSTRAS/neq.png]
[spoj.sphere.pl/problems/PSPHERE/index.html]
[spoj.sphere.pl/problems/BURNCITY/index.html]
[spoj.sphere.pl/problems/HANOI/index.html]
[spoj.sphere.pl/problems/BYTELE/index.html]
[spoj.sphere.pl/problems/SANTA/index.html]
[spoj.sphere.pl/problems/CTQUINE/index.html]
[spoj.sphere.pl/problems/PIVAL/index.html]
[spoj.sphere.pl/problems/DCODE/index.html]
[spoj.sphere.pl/problems/MFENCE/index.html]
[spoj.sphere.pl/problems/ATSHELT/index.html]
[spoj.sphere.pl/problems/TMBOX/index.html]
[spoj.sphere.pl/problems/HWORK/index.html]
[spoj.sphere.pl/problems/BRIGAMI/index.html]
[spoj.sphere.pl/problems/DERAIL/index.html]
[spoj.sphere.pl/problems/CROSSES/index.html]
[spoj.sphere.pl/problems/EVAL/index.html]
[spoj.sphere.pl/problems/CROSSES/crosses.png]
[spoj.sphere.pl/problems/BURNCITY/burncity.png]
[spoj.sphere.pl/problems/BFORG/index.html]
[spoj.sphere.pl/problems/JCROSS/index.html]
[spoj.sphere.pl/problems/IMGREC1/index.html]
[spoj.sphere.pl/problems/TMBOX/halting.png]
[spoj.sphere.pl/problems/DERAIL/derail.png]
[spoj.sphere.pl/problems/MGAME/index.html]
[spoj.sphere.pl/problems/DISPLACE/index.html]
[spoj.sphere.pl/problems/MAMMOTH/index.html]
[spoj.sphere.pl/problems/SIZECON/index.html]
[spoj.sphere.pl/problems/JCROSS/s1.gif]
[spoj.sphere.pl/problems/XWORDS/index.html]
[spoj.sphere.pl/problems/JCROSS/s4.gif]
[spoj.sphere.pl/problems/tutorial/index4a4d.html]
[spoj.sphere.pl/problems/tutorial/indexa1a1.html]
[spoj.sphere.pl/problems/tutorial/sort=2.html]
[spoj.sphere.pl/problems/tutorial/indexfda1.html]
[spoj.sphere.pl/problems/tutorial/index3604.html]
[spoj.sphere.pl/problems/tutorial/sort=6.html]
[spoj.sphere.pl/problems/tutorial/index5945.html]
[spoj.sphere.pl/problems/TMUL/index.html]
[spoj.sphere.pl/problems/TSHPATH/index.html]
[spoj.sphere.pl/problems/TCNUMFL/index.html]
[spoj.sphere.pl/problems/INTEST/index.html]
[spoj.sphere.pl/problems/TLCS/index.html]
[spoj.sphere.pl/problems/SUMTRIAN/index.html]
[spoj.sphere.pl/problems/TPERML/index.html]
[spoj.sphere.pl/problems/KMSL4B/index.html]
[spoj.sphere.pl/problems/TCONVEX/index.html]
[spoj.sphere.pl/problems/TFOSS/index.html]
[spoj.sphere.pl/problems/ARMIES/index.html]
[spoj.sphere.pl/problems/MMATCH/index.html]
[spoj.sphere.pl/problems/PRINT/index.html]
[spoj.sphere.pl/problems/PL6COL/index.html]
[spoj.sphere.pl/problems/LEXISORT/index.html]
[spoj.sphere.pl/problems/CLTZ/index.html]
[spoj.sphere.pl/problems/ZZPERM/index.html]
[spoj.sphere.pl/problems/DIV/index.html]
[spoj.sphere.pl/problems/J4FUN/index.html]
[spoj.sphere.pl/problems/DIV2/index.html]
[spoj.sphere.pl/problems/TFIB/index.html]
[spoj.sphere.pl/problems/TSORT/index.html]
[spoj.sphere.pl/problems/HANOI07/index.html]
[spoj.sphere.pl/problems/classical/sort=0,start=0.html]
[spoj.sphere.pl/problems/classical/sort=2,start=0.html]
[spoj.sphere.pl/problems/classical/sort=2,start=504bd3.html]
[spoj.sphere.pl/problems/classical/sort=2,start=503604.html]
[spoj.sphere.pl/problems/classical/sort=2,start=50.html]
[spoj.sphere.pl/problems/classical/sort=2,start=1004a4d.html]
[spoj.sphere.pl/problems/classical/sort=-2.html]
[spoj.sphere.pl/problems/classical/sort=2,start=1003604.html]
[spoj.sphere.pl/problems/classical/sort=2,start=100.html]
[spoj.sphere.pl/problems/classical/sort=2,start=1504a4d.html]
[spoj.sphere.pl/problems/classical/sort=2,start=150fda1.html]
[spoj.sphere.pl/problems/classical/sort=2,start=150.html]
[spoj.sphere.pl/problems/classical/sort=2,start=1505945.html]
[spoj.sphere.pl/problems/classical/sort=2,start=2004bd3.html]
[spoj.sphere.pl/problems/classical/sort=2,start=2003604.html]
[spoj.sphere.pl/problems/classical/sort=2,start=200.html]
[spoj.sphere.pl/problems/classical/sort=2,start=2504a4d.html]
[spoj.sphere.pl/problems/classical/sort=2,start=250fda1.html]
[spoj.sphere.pl/problems/classical/sort=2,start=250.html]
[spoj.sphere.pl/problems/classical/sort=2,start=2505945.html]
[spoj.sphere.pl/problems/classical/sort=2,start=3004bd3.html]
[spoj.sphere.pl/problems/classical/sort=2,start=3003604.html]
[spoj.sphere.pl/problems/classical/sort=2,start=300.html]
[spoj.sphere.pl/problems/classical/sort=24bd3.html]
[spoj.sphere.pl/problems/classical/sort=2fda1.html]
[spoj.sphere.pl/problems/CHICAGO/index.html]
[spoj.sphere.pl/problems/ACS/index.html]
[spoj.sphere.pl/problems/ABWORDS/index.html]
[spoj.sphere.pl/problems/AGGRCOW/index.html]
[spoj.sphere.pl/problems/ALIENS/index.html]
[spoj.sphere.pl/problems/ACT/index.html]
[spoj.sphere.pl/problems/PERMUT2/index.html]
[spoj.sphere.pl/problems/AROUND/index.html]
[spoj.sphere.pl/problems/ASCIRC/index.html]
[spoj.sphere.pl/problems/ATMS/index.html]
[spoj.sphere.pl/problems/SCALES/index.html]
[spoj.sphere.pl/problems/BISHOPS/index.html]
[spoj.sphere.pl/problems/BOOK/index.html]
[spoj.sphere.pl/problems/BCEASY/index.html]
[spoj.sphere.pl/problems/BCHARD/index.html]
[spoj.sphere.pl/problems/BOXES/index.html]
[spoj.sphere.pl/problems/BINGO/index.html]
[spoj.sphere.pl/problems/COINS/index.html]
[spoj.sphere.pl/problems/CABLETV/index.html]
[spoj.sphere.pl/problems/CALLS/index.html]
[spoj.sphere.pl/problems/CHASE1/index.html]
[spoj.sphere.pl/problems/PALSEC/index.html]
[spoj.sphere.pl/problems/ASCIRC/uklasm.gif]
[spoj.sphere.pl/problems/CHASE1/gon.gif]
[spoj.sphere.pl/problems/CABLETV/cabletv.jpg]
[spoj.sphere.pl/problems/classical/sort=-1.html]
[spoj.sphere.pl/problems/classical/sort=1.html]
[spoj.sphere.pl/problems/classical/sort=15945.html]
[spoj.sphere.pl/problems/classical/sort=6,start=50a1a1.html]
[spoj.sphere.pl/problems/classical/sort=6,start=50ce2a.html]
[spoj.sphere.pl/problems/classical/sort=6,start=50.html]
[spoj.sphere.pl/problems/classical/sort=6,start=1004a4d.html]
[spoj.sphere.pl/problems/classical/sort=6,start=100fda1.html]
[spoj.sphere.pl/problems/classical/sort=6,start=100.html]
[spoj.sphere.pl/problems/classical/sort=6,start=1005945.html]
[spoj.sphere.pl/problems/classical/sort=6,start=150.html]
[spoj.sphere.pl/problems/classical/sort=6,start=200a1a1.html]
[spoj.sphere.pl/problems/classical/sort=6,start=200.html]
[spoj.sphere.pl/problems/classical/sort=6,start=200ce2a.html]
[spoj.sphere.pl/problems/classical/sort=6,start=2005945.html]
[spoj.sphere.pl/problems/classical/sort=6,start=250a1a1.html]
[spoj.sphere.pl/problems/classical/sort=6,start=250fda1.html]
[spoj.sphere.pl/problems/classical/sort=6,start=250.html]
[spoj.sphere.pl/problems/classical/sort=6,start=300.html]
[spoj.sphere.pl/problems/classical/sort=-6,start=100.html]
[spoj.sphere.pl/problems/classical/sort=-6,start=200.html]
[spoj.sphere.pl/problems/classical/sort=-6,start=300.html]
[spoj.sphere.pl/problems/classical/sort=-6a1a1.html]
[spoj.sphere.pl/problems/classical/sort=-63604.html]
[spoj.sphere.pl/problems/classical/sort=-6.html]
[spoj.sphere.pl/problems/OFBEAT/index.html]
[spoj.sphere.pl/problems/REPEATS/index.html]
[spoj.sphere.pl/problems/UCUBE/index.html]
[spoj.sphere.pl/problems/PITPAIR/index.html]
[spoj.sphere.pl/problems/QTREE/index.html]
[spoj.sphere.pl/problems/EOPERA/index.html]
[spoj.sphere.pl/problems/RATTERN/index.html]
[spoj.sphere.pl/problems/FAMILY/index.html]
[spoj.sphere.pl/problems/POLY1/index.html]
[spoj.sphere.pl/problems/WINDOW1/index.html]
[spoj.sphere.pl/problems/classical/sort=-6,start=0.html]
[spoj.sphere.pl/problems/OFBEAT/ofbeat.png]
[spoj.sphere.pl/problems/RATTERN/img0001.png]
[spoj.sphere.pl/problems/POLY1/wierys.png]
[spoj.sphere.pl/problems/WINDOW1/okno.gif]
[spoj.sphere.pl/problems/ROCKETS/index.html]
[spoj.sphere.pl/problems/HARDQ/index.html]
[spoj.sphere.pl/problems/LANDSCAP/index.html]
[spoj.sphere.pl/problems/PAINTTMP/index.html]
[spoj.sphere.pl/problems/MLAND/index.html]
[spoj.sphere.pl/problems/PAINTTMP/malrys1.gif]
[spoj.sphere.pl/problems/PAINTTMP/malrys2.jpg]
[spoj.sphere.pl/problems/classical/sort=7,start=50a1a1.html]
[spoj.sphere.pl/problems/classical/sort=7,start=503604.html]
[spoj.sphere.pl/problems/classical/sort=7,start=50.html]
[spoj.sphere.pl/problems/classical/sort=7,start=150.html]
[spoj.sphere.pl/problems/classical/sort=7,start=200.html]
[spoj.sphere.pl/problems/classical/sort=7,start=250.html]
[spoj.sphere.pl/problems/classical/sort=7,start=300a1a1.html]
[spoj.sphere.pl/problems/classical/sort=7,start=3003604.html]
[spoj.sphere.pl/problems/classical/sort=7,start=300.html]
[spoj.sphere.pl/problems/classical/sort=7a1a1.html]
[spoj.sphere.pl/problems/classical/sort=73604.html]
[spoj.sphere.pl/problems/classical/sort=-7,start=50.html]
[spoj.sphere.pl/problems/classical/sort=-7,start=100.html]
[spoj.sphere.pl/problems/classical/sort=-7,start=200.html]
[spoj.sphere.pl/problems/classical/sort=-7,start=300.html]
[spoj.sphere.pl/problems/classical/sort=-7a1a1.html]
[spoj.sphere.pl/problems/classical/sort=-73604.html]
[spoj.sphere.pl/problems/classical/sort=-7.html]
[spoj.sphere.pl/problems/FSHEEP/index.html]
[spoj.sphere.pl/problems/PLATON/index.html]
[spoj.sphere.pl/problems/MATH1/index.html]
[spoj.sphere.pl/problems/PHONY/index.html]
[spoj.sphere.pl/problems/classical/sort=-7,start=0.html]
[spoj.sphere.pl/problems/PHONY/img1.png]
[spoj.sphere.pl/problems/PHONY/img2.png]
[spoj.sphere.pl/problems/PHONY/img3.png]
[spoj.sphere.pl/problems/PHONY/img4.png]
[spoj.sphere.pl/problems/classical/sort=6,start=0.html]
[spoj.sphere.pl/problems/PHONY/img6.png]
[spoj.sphere.pl/problems/PHONY/img7.png]
[spoj.sphere.pl/problems/PHONY/img5.gif]
[spoj.sphere.pl/problems/JASIEK/JAS.png]
[spoj.sphere.pl/problems/classical/sort=7,start=0.html]
[spoj.sphere.pl/problems/SUPPER/index.html]
[spoj.sphere.pl/problems/MOULDS/index.html]
[spoj.sphere.pl/problems/SHOP/index.html]
[spoj.sphere.pl/problems/SEGVIS/index.html]
[spoj.sphere.pl/problems/INTERVAL/index.html]
[spoj.sphere.pl/problems/RHOMBS/index.html]
[spoj.sphere.pl/problems/SERVERS/index.html]
[spoj.sphere.pl/problems/SHORTCUT/SHORTCUT.png]
[spoj.sphere.pl/problems/BALL1/ball1.png]
[spoj.sphere.pl/problems/RHOMBS/rhomb1.png]
[spoj.sphere.pl/problems/SOLIT/index.html]
[spoj.sphere.pl/problems/SHOP/shopping.jpg]
[spoj.sphere.pl/problems/RHOMBS/rhomb4.png]
[spoj.sphere.pl/problems/RHOMBS/rhomb3.png]
[spoj.sphere.pl/problems/TTABLE/index.html]
[spoj.sphere.pl/problems/STEVE/index.html]
[spoj.sphere.pl/problems/PAYING/index.html]
[spoj.sphere.pl/problems/RENT/index.html]
[spoj.sphere.pl/problems/SQDANCE/index.html]
[spoj.sphere.pl/problems/HELPR2D2/index.html]
[spoj.sphere.pl/problems/RHOMBS/rhomb2.png]
[spoj.sphere.pl/problems/MAWORK/index.html]
[spoj.sphere.pl/problems/SOLIT/solitaire.png]
[spoj.sphere.pl/problems/SQDANCE/img1.png]
[spoj.sphere.pl/problems/TRANS/index.html]
[spoj.sphere.pl/problems/SQDANCE/img2.png]
[spoj.sphere.pl/problems/PARTIT/index.html]
[spoj.sphere.pl/problems/RHOMBS/rhomb5.png]
[spoj.sphere.pl/problems/SQDANCE/img3.png]
[spoj.sphere.pl/problems/POSTERS/index.html]
[spoj.sphere.pl/problems/SQDANCE/img4.png]
[spoj.sphere.pl/problems/SQDANCE/img5.png]
[spoj.sphere.pl/problems/MAZE/index.html]
[spoj.sphere.pl/problems/SQDANCE/img7.png]
[spoj.sphere.pl/problems/SQDANCE/img8.png]
[spoj.sphere.pl/problems/SQDANCE/img6.png]
[spoj.sphere.pl/problems/SQDANCE/img9.png]
[spoj.sphere.pl/problems/LONER/index.html]
[spoj.sphere.pl/problems/SQDANCE/img11.png]
[spoj.sphere.pl/problems/SQDANCE/img12.png]
[spoj.sphere.pl/problems/SQDANCE/img13.png]
[spoj.sphere.pl/problems/SQDANCE/img10.png]
[spoj.sphere.pl/problems/GLUE/index.html]
[spoj.sphere.pl/problems/SQDANCE/img14.png]
[spoj.sphere.pl/problems/SQDANCE/img15.png]
[spoj.sphere.pl/problems/MULTIPLY/index.html]
[spoj.sphere.pl/problems/SQDANCE/img16.png]
[spoj.sphere.pl/problems/SQDANCE/img17.png]
[spoj.sphere.pl/problems/TAUT/index.html]
[spoj.sphere.pl/problems/SQDANCE/img18.png]
[spoj.sphere.pl/problems/SQDANCE/img19.png]
[spoj.sphere.pl/problems/SQDANCE/img20.png]
[spoj.sphere.pl/problems/SQDANCE/img21.png]
[spoj.sphere.pl/problems/PLONK/index.html]
[spoj.sphere.pl/problems/COURIER/index.html]
[spoj.sphere.pl/problems/SQDANCE/img22.png]
[spoj.sphere.pl/problems/SQDANCE/img23.png]
[spoj.sphere.pl/problems/ROCK/index.html]
[spoj.sphere.pl/problems/POSTERS/sampleio.png]
[spoj.sphere.pl/problems/SUM1SEQ/index.html]
[spoj.sphere.pl/problems/TRANS/input.png]
[spoj.sphere.pl/problems/ROADNET/index.html]
[spoj.sphere.pl/problems/MAZE/pattern.png]
[spoj.sphere.pl/problems/MAZE/input.png]
[spoj.sphere.pl/problems/MAZE/output.png]
[spoj.sphere.pl/problems/LONER/move.png]
[spoj.sphere.pl/problems/WORDEQ/index.html]
[spoj.sphere.pl/problems/CONTPACK/index.html]
[spoj.sphere.pl/problems/LITELANG/index.html]
[spoj.sphere.pl/problems/FLBRKLIN/index.html]
[spoj.sphere.pl/problems/RECTNG1/index.html]
[spoj.sphere.pl/problems/MUSKET/index.html]
[spoj.sphere.pl/problems/RECTNG1/proa.gif]
[spoj.sphere.pl/problems/FLBRKLIN/lam.gif]
[spoj.sphere.pl/problems/RECTNG1/prob.gif]
[spoj.sphere.pl/problems/EMPTY/index.html]
[spoj.sphere.pl/problems/MONODIG/index.html]
[spoj.sphere.pl/problems/POLYGAME/index.html]
[spoj.sphere.pl/problems/SCUBADIV/index.html]
[spoj.sphere.pl/problems/classical/sort=5,start=50c827.html]
[spoj.sphere.pl/problems/classical/sort=5,start=50fda1.html]
[spoj.sphere.pl/problems/classical/sort=5,start=50.html]
[spoj.sphere.pl/problems/classical/sort=5,start=505945.html]
[spoj.sphere.pl/problems/classical/sort=-5.html]
[spoj.sphere.pl/problems/classical/sort=5,start=100fda1.html]
[spoj.sphere.pl/problems/classical/sort=5,start=100.html]
[spoj.sphere.pl/problems/classical/sort=5,start=1005945.html]
[spoj.sphere.pl/problems/classical/sort=5,start=150a1a1.html]
[spoj.sphere.pl/problems/classical/sort=5,start=1503604.html]
[spoj.sphere.pl/problems/classical/sort=5,start=150.html]
[spoj.sphere.pl/problems/classical/sort=5,start=200c827.html]
[spoj.sphere.pl/problems/classical/sort=5,start=200fda1.html]
[spoj.sphere.pl/problems/classical/sort=5,start=200.html]
[spoj.sphere.pl/problems/classical/sort=5,start=2005945.html]
[spoj.sphere.pl/problems/classical/sort=5,start=250.html]
[spoj.sphere.pl/problems/classical/sort=5,start=300a1a1.html]
[spoj.sphere.pl/problems/classical/sort=5,start=300fda1.html]
[spoj.sphere.pl/problems/classical/sort=5,start=300.html]
[spoj.sphere.pl/problems/classical/sort=5c827.html]
[spoj.sphere.pl/problems/classical/sort=5fda1.html]
[spoj.sphere.pl/problems/classical/sort=5,start=0a1a1.html]
[spoj.sphere.pl/problems/classical/sort=5,start=03604.html]
[spoj.sphere.pl/problems/classical/sort=5,start=0.html]
[spoj.sphere.pl/problems/SOPARADE/index.html]
[spoj.sphere.pl/problems/TWORK/index.html]
[spoj.sphere.pl/problems/CANTON/index.html]
[spoj.sphere.pl/problems/WINDMILL/index.html]
[spoj.sphere.pl/problems/PHDISP/index.html]
[spoj.sphere.pl/problems/ROADS/index.html]
[spoj.sphere.pl/problems/SEQ/index.html]
[spoj.sphere.pl/problems/POKER/index.html]
[spoj.sphere.pl/problems/MIXTURES/index.html]
[spoj.sphere.pl/problems/LAZYCOWS/index.html]
[spoj.sphere.pl/problems/EXPEDI/index.html]
[spoj.sphere.pl/problems/HAN01/index.html]
[spoj.sphere.pl/problems/IGARB/index.html]
[spoj.sphere.pl/problems/LISA/index.html]
[spoj.sphere.pl/problems/PHDISP/img0001.jpg]
[spoj.sphere.pl/problems/IGARB/i0.gif]
[spoj.sphere.pl/problems/IGARB/i1.gif]
[spoj.sphere.pl/problems/IGARB/i2.gif]
[spoj.sphere.pl/problems/PHIDIAS/index.html]
[spoj.sphere.pl/problems/IGARB/i3.gif]
[spoj.sphere.pl/problems/IGARB/i4.gif]
[spoj.sphere.pl/problems/IGARB/i5.gif]
[spoj.sphere.pl/problems/FARMER/index.html]
[spoj.sphere.pl/problems/IGARB/i6.gif]
[spoj.sphere.pl/problems/IGARB/i8.gif]
[spoj.sphere.pl/problems/IGARB/i9.gif]
[spoj.sphere.pl/problems/IGARB/i7.gif]
[spoj.sphere.pl/problems/EMPODIA/index.html]
[spoj.sphere.pl/problems/CSTREET/index.html]
[spoj.sphere.pl/problems/ONEZERO/index.html]
[spoj.sphere.pl/problems/BENEFACT/index.html]
[spoj.sphere.pl/problems/GREED/index.html]
[spoj.sphere.pl/problems/MATRIX/index.html]
[spoj.sphere.pl/problems/TAXI/index.html]
[spoj.sphere.pl/problems/DECORATE/index.html]
[spoj.sphere.pl/problems/EUROPEAN/index.html]
[spoj.sphere.pl/problems/PHIDIAS/001.png]
[spoj.sphere.pl/problems/FARMER/001.png]
[spoj.sphere.pl/problems/TAXI/taxitaxi.png]
[spoj.sphere.pl/problems/DECORATE/decorate.jpg]
[spoj.sphere.pl/problems/RPGAMES/index.html]
[spoj.sphere.pl/problems/VHUFFM/index.html]
[spoj.sphere.pl/problems/VHUFFM/240img1.gif]
[spoj.sphere.pl/problems/VHUFFM/240img2.gif]
[spoj.sphere.pl/problems/VHUFFM/240img3.gif]
[spoj.sphere.pl/problems/VHUFFM/240img4.gif]
[spoj.sphere.pl/problems/VHUFFM/240img5.gif]
[spoj.sphere.pl/problems/VHUFFM/240img6.gif]
[spoj.sphere.pl/problems/VHUFFM/240img7.gif]
[spoj.sphere.pl/problems/classical/sort=-5,start=50.html]
[spoj.sphere.pl/problems/VHUFFM/240img8.gif]
[spoj.sphere.pl/problems/VHUFFM/240img9.gif]
[spoj.sphere.pl/problems/VHUFFM/240img10.gif]
[spoj.sphere.pl/problems/classical/sort=-5,start=100.html]
[spoj.sphere.pl/problems/classical/sort=-5,start=200.html]
[spoj.sphere.pl/problems/classical/sort=-5,start=300.html]
[spoj.sphere.pl/problems/sort=-5a1a1.html]
[spoj.sphere.pl/problems/sort=-53604.html]
[spoj.sphere.pl/problems/sort=-5.html]
[spoj.sphere.pl/problems/sort=5fda1.html]
[spoj.sphere.pl/problems/sort=55945.html]
[spoj.sphere.pl/problems/sort=24bd3.html]
[spoj.sphere.pl/problems/sort=23604.html]
[spoj.sphere.pl/problems/sort=-2.html]
[spoj.sphere.pl/problems/classical/sort=1,start=50.html]
[spoj.sphere.pl/problems/classical/sort=1,start=100.html]
[spoj.sphere.pl/problems/classical/sort=1,start=150.html]
[spoj.sphere.pl/problems/classical/sort=1,start=200a1a1.html]
[spoj.sphere.pl/problems/classical/sort=1,start=2003604.html]
[spoj.sphere.pl/problems/classical/sort=1,start=200.html]
[spoj.sphere.pl/problems/classical/sort=1,start=300.html]
[spoj.sphere.pl/problems/sort=1a1a1.html]
[spoj.sphere.pl/problems/classical/sort=-1,start=50.html]
[spoj.sphere.pl/problems/classical/sort=-1,start=150.html]
[spoj.sphere.pl/problems/classical/sort=-1,start=250.html]
[spoj.sphere.pl/problems/sort=-1.html]
[spoj.sphere.pl/problems/sort=15945.html]
[spoj.sphere.pl/problems/sort=6a1a1.html]
[spoj.sphere.pl/problems/sort=6ce2a.html]
[spoj.sphere.pl/problems/sort=74a4d.html]
[spoj.sphere.pl/problems/sort=7fda1.html]
[spoj.sphere.pl/problems/sort=-6.html]
[spoj.sphere.pl/problems/sort=7162a.html]
[spoj.sphere.pl/problems/EQBOX/index.html]
[spoj.sphere.pl/problems/classical/sort=-1,start=0.html]
[spoj.sphere.pl/status/start=40.html]
[spoj.sphere.pl/status/start=80.html]
[spoj.sphere.pl/status/start=120.html]
[spoj.sphere.pl/status/start=160.html]
[spoj.sphere.pl/status/index.html]
[spoj.sphere.pl/contests/index.html]
[spoj.sphere.pl/status/start=200.html]
[spoj.sphere.pl/ranks/users/start=200.html]
[spoj.sphere.pl/ranks/users/start=400.html]
[spoj.sphere.pl/ranks/users/start=600.html]
[spoj.sphere.pl/ranks/users/start=800.html]
[spoj.sphere.pl/ranks/users/index.html]
[spoj.sphere.pl/help/index.html]
[spoj.sphere.pl/links/index.html]
[spoj.sphere.pl/search/problems=on,users=on,contests=on.html]
[spoj.sphere.pl/problems/IMP.html]
[spoj.sphere.pl/problems/classical/index3604.html]
[spoj.sphere.pl/ranks/users/start=1000.html]
[spoj.sphere.pl/problems/challenge/sort=5.html]
[spoj.sphere.pl/problems/PAWNS/pawns.png]
[spoj.sphere.pl/problems/challenge/sort=24bd3.html]
[spoj.sphere.pl/problems/challenge/sort=2fda1.html]
[spoj.sphere.pl/problems/challenge/sort=2.html]
[spoj.sphere.pl/problems/challenge/sort=1.html]
[spoj.sphere.pl/problems/challenge/sort=6a1a1.html]
[spoj.sphere.pl/problems/challenge/sort=6ce2a.html]
[spoj.sphere.pl/problems/challenge/sort=6.html]
[spoj.sphere.pl/problems/XWORDS/index.html]
[spoj.sphere.pl/problems/challenge/sort=6,start=0.html]
[spoj.sphere.pl/problems/tutorial/sort=5.html]
[spoj.sphere.pl/problems/tutorial/sort=24bd3.html]
[spoj.sphere.pl/problems/tutorial/sort=2fda1.html]
[spoj.sphere.pl/problems/tutorial/sort=2.html]
[spoj.sphere.pl/problems/tutorial/sort=1.html]
[spoj.sphere.pl/problems/tutorial/sort=6a1a1.html]
[spoj.sphere.pl/problems/tutorial/sort=6ce2a.html]
[spoj.sphere.pl/problems/tutorial/sort=6.html]
[spoj.sphere.pl/problems/TSORT/index.html]
[spoj.sphere.pl/problems/HANOI07/index.html]
[spoj.sphere.pl/problems/classical/sort=0,start=0a1a1.html]
[spoj.sphere.pl/problems/tutorial/sort=6,start=0.html]
[spoj.sphere.pl/problems/classical/sort=2,start=04bd3.html]
[spoj.sphere.pl/problems/classical/sort=2,start=0fda1.html]
[spoj.sphere.pl/problems/classical/sort=2,start=0.html]
[spoj.sphere.pl/problems/classical/sort=2,start=504bd3.html]
[spoj.sphere.pl/problems/classical/sort=2,start=503604.html]
[spoj.sphere.pl/problems/classical/sort=2,start=1004a4d.html]
[spoj.sphere.pl/problems/classical/sort=-2,start=50.html]
[spoj.sphere.pl/problems/classical/sort=-2,start=150.html]
[spoj.sphere.pl/problems/classical/sort=-2,start=250.html]
[spoj.sphere.pl/problems/classical/sort=-2.html]
[spoj.sphere.pl/problems/classical/sort=2,start=1003604.html]
[spoj.sphere.pl/problems/classical/sort=2,start=1504a4d.html]
[spoj.sphere.pl/problems/classical/sort=2,start=150fda1.html]
[spoj.sphere.pl/problems/classical/sort=2,start=1505945.html]
[spoj.sphere.pl/problems/classical/sort=2,start=2004bd3.html]
[spoj.sphere.pl/problems/classical/sort=2,start=2003604.html]
[spoj.sphere.pl/problems/classical/sort=2,start=2504a4d.html]
[spoj.sphere.pl/problems/classical/sort=2,start=250fda1.html]
[spoj.sphere.pl/problems/classical/sort=2,start=2505945.html]
[spoj.sphere.pl/problems/classical/sort=2,start=3004bd3.html]
[spoj.sphere.pl/problems/classical/sort=2,start=3003604.html]
[spoj.sphere.pl/problems/classical/sort=25945.html]
[spoj.sphere.pl/problems/classical/sort=-1a1a1.html]
[spoj.sphere.pl/problems/classical/sort=-13604.html]
[spoj.sphere.pl/problems/classical/sort=-1.html]
[spoj.sphere.pl/problems/classical/sort=15945.html]
[spoj.sphere.pl/problems/classical/sort=6,start=50a1a1.html]
[spoj.sphere.pl/problems/classical/sort=6,start=50ce2a.html]
[spoj.sphere.pl/problems/classical/sort=6,start=1004a4d.html]
[spoj.sphere.pl/problems/classical/sort=6,start=100fda1.html]
[spoj.sphere.pl/problems/classical/sort=6,start=1005945.html]
[spoj.sphere.pl/problems/classical/sort=6,start=1504a4d.html]
[spoj.sphere.pl/problems/classical/sort=6,start=150fda1.html]
[spoj.sphere.pl/problems/classical/sort=6,start=150.html]
[spoj.sphere.pl/problems/classical/sort=6,start=200a1a1.html]
[spoj.sphere.pl/problems/classical/sort=6,start=200ce2a.html]
[spoj.sphere.pl/problems/classical/sort=6,start=2005945.html]
[spoj.sphere.pl/problems/classical/sort=6,start=250a1a1.html]
[spoj.sphere.pl/problems/classical/sort=6,start=250fda1.html]
[spoj.sphere.pl/problems/classical/sort=6,start=1505945.html]
[spoj.sphere.pl/problems/classical/sort=6,start=2505945.html]
[spoj.sphere.pl/problems/classical/sort=6,start=300fda1.html]
[spoj.sphere.pl/problems/classical/sort=6,start=300a1a1.html]
[spoj.sphere.pl/problems/classical/sort=6,start=300.html]
[spoj.sphere.pl/problems/classical/sort=-6,start=50.html]
[spoj.sphere.pl/problems/classical/sort=-6,start=100fda1.html]
[spoj.sphere.pl/problems/classical/sort=-6,start=100.html]
[spoj.sphere.pl/problems/classical/sort=-6,start=1005945.html]
[spoj.sphere.pl/problems/classical/sort=-6,start=150.html]
[spoj.sphere.pl/problems/classical/sort=-6,start=200.html]
[spoj.sphere.pl/problems/classical/sort=-6,start=250.html]
[spoj.sphere.pl/problems/classical/sort=-6,start=300a1a1.html]
[spoj.sphere.pl/problems/classical/sort=-6,start=3003604.html]
[spoj.sphere.pl/problems/classical/sort=-6,start=300.html]
[spoj.sphere.pl/problems/classical/sort=-6a1a1.html]
[spoj.sphere.pl/problems/classical/sort=-63604.html]
[spoj.sphere.pl/problems/classical/sort=-6,start=0.html]
[spoj.sphere.pl/problems/MLAND/index.html]
[spoj.sphere.pl/problems/classical/sort=7,start=50a1a1.html]
[spoj.sphere.pl/problems/classical/sort=7,start=503604.html]
[spoj.sphere.pl/problems/classical/sort=7,start=100.html]
[spoj.sphere.pl/problems/classical/sort=7,start=250fda1.html]
[spoj.sphere.pl/problems/classical/sort=7,start=250.html]
[spoj.sphere.pl/problems/classical/sort=7,start=300a1a1.html]
[spoj.sphere.pl/problems/classical/sort=7,start=3003604.html]
[spoj.sphere.pl/problems/classical/sort=7,start=250162a.html]
[spoj.sphere.pl/problems/classical/sort=-7,start=50a1a1.html]
[spoj.sphere.pl/problems/classical/sort=-7,start=503604.html]
[spoj.sphere.pl/problems/classical/sort=-7,start=50.html]
[spoj.sphere.pl/problems/classical/sort=-7,start=1004a4d.html]
[spoj.sphere.pl/problems/classical/sort=-7,start=100fda1.html]
[spoj.sphere.pl/problems/classical/sort=-7,start=100.html]
[spoj.sphere.pl/problems/classical/sort=-7,start=1005945.html]
[spoj.sphere.pl/problems/classical/sort=-7,start=150.html]
[spoj.sphere.pl/problems/classical/sort=-7,start=200a1a1.html]
[spoj.sphere.pl/problems/classical/sort=-7,start=200fda1.html]
[spoj.sphere.pl/problems/classical/sort=-7,start=200.html]
[spoj.sphere.pl/problems/classical/sort=-7,start=250.html]
[spoj.sphere.pl/problems/classical/sort=-7,start=300a1a1.html]
[spoj.sphere.pl/problems/classical/sort=-7,start=3003604.html]
[spoj.sphere.pl/problems/classical/sort=-7,start=300.html]
[spoj.sphere.pl/problems/classical/sort=-7a1a1.html]
[spoj.sphere.pl/problems/classical/sort=-73604.html]
[spoj.sphere.pl/problems/classical/sort=-7,start=0.html]
[spoj.sphere.pl/problems/classical/sort=6,start=0.html]
[spoj.sphere.pl/problems/SCUBADIV/index.html]
[spoj.sphere.pl/problems/classical/sort=5,start=50c827.html]
[spoj.sphere.pl/problems/classical/sort=5,start=50fda1.html]
[spoj.sphere.pl/problems/classical/sort=5,start=505945.html]
[spoj.sphere.pl/problems/classical/sort=-5.html]
[spoj.sphere.pl/problems/classical/sort=5,start=100fda1.html]
[spoj.sphere.pl/problems/classical/sort=5,start=1005945.html]
[spoj.sphere.pl/problems/classical/sort=5,start=150a1a1.html]
[spoj.sphere.pl/problems/classical/sort=5,start=1503604.html]
[spoj.sphere.pl/problems/classical/sort=5,start=200c827.html]
[spoj.sphere.pl/problems/classical/sort=5,start=200fda1.html]
[spoj.sphere.pl/problems/classical/sort=5,start=2005945.html]
[spoj.sphere.pl/problems/classical/sort=5,start=250.html]
[spoj.sphere.pl/problems/classical/sort=5,start=300a1a1.html]
[spoj.sphere.pl/problems/classical/sort=5,start=300fda1.html]
[spoj.sphere.pl/problems/classical/sort=5fda1.html]
[spoj.sphere.pl/problems/classical/sort=5,start=0a1a1.html]
[spoj.sphere.pl/problems/classical/sort=5,start=03604.html]
[spoj.sphere.pl/problems/classical/sort=5,start=3005945.html]
[spoj.sphere.pl/problems/LIFTS/lifts.png]
[spoj.sphere.pl/problems/classical/sort=-5,start=50.html]
[spoj.sphere.pl/problems/classical/sort=-5,start=100.html]
[spoj.sphere.pl/problems/classical/sort=-5,start=150.html]
[spoj.sphere.pl/problems/classical/sort=-5,start=200a1a1.html]
[spoj.sphere.pl/problems/classical/sort=-5,start=2003604.html]
[spoj.sphere.pl/problems/classical/sort=-5,start=200.html]
[spoj.sphere.pl/problems/classical/sort=-5,start=300.html]
[spoj.sphere.pl/problems/sort=-5a1a1.html]
[spoj.sphere.pl/problems/sort=-53604.html]
[spoj.sphere.pl/problems/sort=-2.html]
[spoj.sphere.pl/problems/classical/sort=1,start=0.html]
[spoj.sphere.pl/problems/classical/sort=1,start=150a1a1.html]
[spoj.sphere.pl/problems/classical/sort=1,start=1503604.html]
[spoj.sphere.pl/problems/classical/sort=1,start=150.html]
[spoj.sphere.pl/problems/classical/sort=1,start=200a1a1.html]
[spoj.sphere.pl/problems/classical/sort=1,start=2003604.html]
[spoj.sphere.pl/problems/classical/sort=-1,start=50.html]
[spoj.sphere.pl/problems/classical/sort=-1,start=100.html]
[spoj.sphere.pl/problems/classical/sort=-1,start=150a1a1.html]
[spoj.sphere.pl/problems/classical/sort=-1,start=1503604.html]
[spoj.sphere.pl/problems/classical/sort=-1,start=150.html]
[spoj.sphere.pl/problems/classical/sort=-1,start=250.html]
[spoj.sphere.pl/problems/classical/sort=-1,start=300.html]
[spoj.sphere.pl/problems/sort=-6a1a1.html]
[spoj.sphere.pl/problems/sort=-63604.html]
[spoj.sphere.pl/problems/sort=-6.html]
[spoj.sphere.pl/problems/classical/sort=-1,start=0.html]
[spoj.sphere.pl/status/start=20.html]
[spoj.sphere.pl/status/start=40.html]
[spoj.sphere.pl/status/start=80.html]
[spoj.sphere.pl/status/start=60.html]
[spoj.sphere.pl/status/start=100.html]
[spoj.sphere.pl/status/start=120.html]
[spoj.sphere.pl/status/start=240.html]
[spoj.sphere.pl/status/start=160.html]
[spoj.sphere.pl/status/start=180.html]
[spoj.sphere.pl/status/start=200.html]
[spoj.sphere.pl/ranks/users/start=100.html]
[spoj.sphere.pl/status/start=300.html]
[spoj.sphere.pl/ranks/users/start=200.html]
[spoj.sphere.pl/ranks/users/start=400.html]
[spoj.sphere.pl/ranks/users/start=500.html]
[spoj.sphere.pl/ranks/users/start=600.html]
[spoj.sphere.pl/ranks/users/start=700.html]
[spoj.sphere.pl/ranks/users/start=800.html]
[spoj.sphere.pl/ranks/users/start=1300.html]
[spoj.sphere.pl/ranks/users/start=900.html]
[spoj.sphere.pl/ranks/users/start=1000.html]
[spoj.sphere.pl/ranks/users/start=1500.html]
[spoj.sphere.pl/problems/challenge/sort=-5.html]
[spoj.sphere.pl/problems/challenge/sort=5fda1.html]
[spoj.sphere.pl/problems/challenge/sort=5.html]
[spoj.sphere.pl/problems/challenge/sort=24bd3.html]
[spoj.sphere.pl/problems/challenge/sort=2fda1.html]
[spoj.sphere.pl/problems/challenge/sort=1.html]
[spoj.sphere.pl/problems/challenge/sort=6a1a1.html]
[spoj.sphere.pl/problems/challenge/sort=6ce2a.html]
[spoj.sphere.pl/problems/challenge/sort=6,start=0.html]
[spoj.sphere.pl/problems/tutorial/sort=5.html]
[spoj.sphere.pl/problems/tutorial/sort=24bd3.html]
[spoj.sphere.pl/problems/tutorial/sort=2fda1.html]
[spoj.sphere.pl/problems/tutorial/sort=1.html]
[spoj.sphere.pl/problems/tutorial/sort=6a1a1.html]
[spoj.sphere.pl/problems/tutorial/sort=6ce2a.html]
[spoj.sphere.pl/problems/tutorial/sort=6,start=0.html]
[spoj.sphere.pl/problems/classical/sort=0,start=0a1a1.html]
[spoj.sphere.pl/problems/classical/sort=2,start=04bd3.html]
[spoj.sphere.pl/problems/classical/sort=2,start=0fda1.html]
[spoj.sphere.pl/problems/classical/sort=-2,start=50.html]
[spoj.sphere.pl/problems/classical/sort=-2,start=150.html]
[spoj.sphere.pl/problems/classical/sort=-2,start=250.html]
[spoj.sphere.pl/problems/classical/sort=25945.html]
[spoj.sphere.pl/problems/classical/sort=-1a1a1.html]
[spoj.sphere.pl/problems/classical/sort=-13604.html]
[spoj.sphere.pl/problems/classical/sort=6,start=1504a4d.html]
[spoj.sphere.pl/problems/classical/sort=6,start=150fda1.html]
[spoj.sphere.pl/problems/classical/sort=6,start=1505945.html]
[spoj.sphere.pl/problems/classical/sort=6,start=2505945.html]
[spoj.sphere.pl/problems/classical/sort=6,start=300a1a1.html]
[spoj.sphere.pl/problems/classical/sort=6,start=300fda1.html]
[spoj.sphere.pl/problems/classical/sort=-6,start=50.html]
[spoj.sphere.pl/problems/classical/sort=-6,start=100fda1.html]
[spoj.sphere.pl/problems/classical/sort=-6,start=1005945.html]
[spoj.sphere.pl/problems/classical/sort=-6,start=150.html]
[spoj.sphere.pl/problems/classical/sort=-6,start=250.html]
[spoj.sphere.pl/problems/classical/sort=-6,start=300a1a1.html]
[spoj.sphere.pl/problems/classical/sort=-6,start=3003604.html]
[spoj.sphere.pl/problems/COPER/index.html]
[spoj.sphere.pl/problems/classical/sort=7,start=100.html]
[spoj.sphere.pl/problems/classical/sort=7,start=250fda1.html]
[spoj.sphere.pl/problems/classical/sort=7,start=250162a.html]
[spoj.sphere.pl/problems/classical/sort=-7,start=50a1a1.html]
[spoj.sphere.pl/problems/classical/sort=-7,start=503604.html]
[spoj.sphere.pl/problems/classical/sort=-7,start=1004a4d.html]
[spoj.sphere.pl/problems/classical/sort=-7,start=100fda1.html]
[spoj.sphere.pl/problems/classical/sort=-7,start=1005945.html]
[spoj.sphere.pl/problems/classical/sort=-7,start=150.html]
[spoj.sphere.pl/problems/classical/sort=-7,start=200a1a1.html]
[spoj.sphere.pl/problems/classical/sort=-7,start=200fda1.html]
[spoj.sphere.pl/problems/classical/sort=-7,start=250.html]
[spoj.sphere.pl/problems/classical/sort=-7,start=300a1a1.html]
[spoj.sphere.pl/problems/classical/sort=-7,start=3003604.html]
[spoj.sphere.pl/problems/classical/sort=5,start=3005945.html]
[spoj.sphere.pl/problems/classical/sort=-5,start=150.html]
[spoj.sphere.pl/problems/classical/sort=-5,start=200a1a1.html]
[spoj.sphere.pl/problems/classical/sort=-5,start=2003604.html]
[spoj.sphere.pl/problems/classical/sort=1,start=0.html]
[spoj.sphere.pl/problems/classical/sort=1,start=150a1a1.html]
[spoj.sphere.pl/problems/classical/sort=1,start=1503604.html]
[spoj.sphere.pl/problems/classical/sort=1,start=250.html]
[spoj.sphere.pl/problems/classical/sort=-1,start=100.html]
[spoj.sphere.pl/problems/classical/sort=-1,start=150a1a1.html]
[spoj.sphere.pl/problems/classical/sort=-1,start=1503604.html]
[spoj.sphere.pl/problems/classical/sort=-1,start=300.html]
[spoj.sphere.pl/problems/sort=-6a1a1.html]
[spoj.sphere.pl/problems/sort=-63604.html]
[spoj.sphere.pl/status/start=20.html]
[spoj.sphere.pl/status/start=60.html]
[spoj.sphere.pl/status/start=100.html]
[spoj.sphere.pl/status/start=240.html]
[spoj.sphere.pl/status/start=180.html]
[spoj.sphere.pl/status/start=300.html]
[spoj.sphere.pl/ranks/users/start=100.html]
[spoj.sphere.pl/ranks/users/start=500.html]
[spoj.sphere.pl/ranks/users/start=700.html]
[spoj.sphere.pl/ranks/users/start=1300.html]
[spoj.sphere.pl/ranks/users/start=900.html]
[spoj.sphere.pl/ranks/users/start=1500.html]
[spoj.sphere.pl/problems/challenge/sort=-5.html]
[spoj.sphere.pl/problems/challenge/sort=5fda1.html]
